
> matrimony-web-app@0.1.0 build
> next build

Ôû▓ Next.js 16.1.1 (Turbopack)
- Environments: .env

  Creating an optimized production build ...
Ô£ô Compiled successfully in 4.6s
  Running TypeScript ...
node.exe : Failed to compile.
At line:1 char:1
+ & "C:\Program Files\nodejs/node.exe" "C:\Program 
Files\nodejs/node_mo ...
+ ~~~~~~~~~~~~~~~~~~~~~~~~~~~~~~~~~~~~~~~~~~~~~~~~~~~~~
~~~~~~~~~~~~~~~~
    + CategoryInfo          : NotSpecified: (Failed to 
    compile.:String) [], RemoteException
    + FullyQualifiedErrorId : NativeCommandError
 

./src/components/user/ProfileCard.tsx:30:28
Type error: Property 'location' does not exist on type 
'{ photoUrl?: string | null | undefined; bio?: string 
| null | undefined; religion?: string | null | 
undefined; caste?: string | null | undefined; 
currentResidence?: string | null | undefined; dob?: 
Date | ... 1 more ... | undefined; occupation?: string 
| ... 1 more ... | undefined; qualification?: string | 
... 1 mor...'.

[0m [90m 28 |[39m
 [90m 29 |[39m     [36mconst[39m locationText 
[33m=[39m profile[33m.[39mcountry [33m===[39m 
[32m'INDIA'[39m
[31m[1m>[22m[39m[90m 30 |[39m         
[33m?[39m 
(profile[33m.[39mprofile[33m.[39mlocation 
[33m||[39m [32m'Location N/A'[39m)
 [90m    |[39m                            
[31m[1m^[22m[39m
 [90m 31 |[39m         [33m:[39m 
(profile[33m.[39mcountry [33m===[39m 
[32m'CANADA'[39m [33m?[39m [32m'Canada'[39m 
[33m:[39m profile[33m.[39mcountry)
 [90m 32 |[39m
 [90m 33 |[39m     [36mreturn[39m ([0m
Next.js build worker exited with code: 1 and signal: 
null
